// Jest Snapshot v1, https://goo.gl/fbAQLP

exports[`NotFoundPage renders correctly 1`] = `
<NotFoundPage>
  <main>
    Not Found
  </main>
</NotFoundPage>
`;
